// Jest Snapshot v1, https://goo.gl/fbAQLP

exports[`Indecision Component creando match con el snapshot 1`] = `
<!--v-if-->
<div class="bg-dark"></div>
<div class="indecision-container"><input type="text" name="pregunta" id="pregunta" placeholder="Hazme una pregunta">
  <p>Recuerda terminar un signo de interrogacion (?)</p>
  <!--v-if-->
</div>
`;
